
> react-kavia@0.1.0 start
> react-scripts start

(node:4149) [DEP_WEBPACK_DEV_SERVER_ON_AFTER_SETUP_MIDDLEWARE] DeprecationWarning: 'onAfterSetupMiddleware' option is deprecated. Please use the 'setupMiddlewares' option.
(Use `node --trace-deprecation ...` to show where the warning was created)
(node:4149) [DEP_WEBPACK_DEV_SERVER_ON_BEFORE_SETUP_MIDDLEWARE] DeprecationWarning: 'onBeforeSetupMiddleware' option is deprecated. Please use the 'setupMiddlewares' option.
Starting the development server...

Compiled successfully!

You can now view react-kavia in the browser.

  Local:            http://localhost:3000
  On Your Network:  http://172.17.0.2:3000

Note that the development build is not optimized.
To create a production build, use npm run build.

webpack compiled successfully
Compiling...
Failed to compile.

Module not found: Error: Can't resolve 'react-router-dom' in '/home/kavia/workspace/code-generation/travelgenie-ai-23-6236611e/travelgenie_ai/src'
ERROR in ./src/App.js 7:0-74
Module not found: Error: Can't resolve 'react-router-dom' in '/home/kavia/workspace/code-generation/travelgenie-ai-23-6236611e/travelgenie_ai/src'

webpack compiled with 1 error
Compiling...
Failed to compile.

Module not found: Error: Can't resolve 'react-router-dom' in '/home/kavia/workspace/code-generation/travelgenie-ai-23-6236611e/travelgenie_ai/src'
ERROR in ./src/App.js 7:0-74
Module not found: Error: Can't resolve 'react-router-dom' in '/home/kavia/workspace/code-generation/travelgenie-ai-23-6236611e/travelgenie_ai/src'

ERROR in ./src/pages/HomePage.js 5:0-40
Module not found: Error: Can't resolve 'react-router-dom' in '/home/kavia/workspace/code-generation/travelgenie-ai-23-6236611e/travelgenie_ai/src/pages'

webpack compiled with 2 errors
Compiling...
Failed to compile.

Module not found: Error: Can't resolve 'react-router-dom' in '/home/kavia/workspace/code-generation/travelgenie-ai-23-6236611e/travelgenie_ai/src'
ERROR in ./src/App.js 7:0-74
Module not found: Error: Can't resolve 'react-router-dom' in '/home/kavia/workspace/code-generation/travelgenie-ai-23-6236611e/travelgenie_ai/src'

ERROR in ./src/pages/HomePage.js 5:0-40
Module not found: Error: Can't resolve 'react-router-dom' in '/home/kavia/workspace/code-generation/travelgenie-ai-23-6236611e/travelgenie_ai/src/pages'

webpack compiled with 2 errors
Compiling...
Failed to compile.

Module not found: Error: Can't resolve 'react-router-dom' in '/home/kavia/workspace/code-generation/travelgenie-ai-23-6236611e/travelgenie_ai/src'
WARNING in ./src/pages/MapPage.js 60:8-32
Module not found: Error: Can't resolve 'react-leaflet' in '/home/kavia/workspace/code-generation/travelgenie-ai-23-6236611e/travelgenie_ai/src/pages'

WARNING in ./src/pages/MapPage.js 61:4-39
Module not found: Error: Can't resolve 'leaflet/dist/leaflet.css' in '/home/kavia/workspace/code-generation/travelgenie-ai-23-6236611e/travelgenie_ai/src/pages'

WARNING in [eslint] 
src/pages/MapPage.js
  Line 1:17:  'useRef' is defined but never used  no-unused-vars

ERROR in ./src/App.js 7:0-74
Module not found: Error: Can't resolve 'react-router-dom' in '/home/kavia/workspace/code-generation/travelgenie-ai-23-6236611e/travelgenie_ai/src'

ERROR in ./src/pages/HomePage.js 5:0-40
Module not found: Error: Can't resolve 'react-router-dom' in '/home/kavia/workspace/code-generation/travelgenie-ai-23-6236611e/travelgenie_ai/src/pages'

webpack compiled with 2 errors and 3 warnings
Compiling...
Failed to compile.

Module not found: Error: Can't resolve 'react-router-dom' in '/home/kavia/workspace/code-generation/travelgenie-ai-23-6236611e/travelgenie_ai/src'
WARNING in ./src/pages/MapPage.js 60:8-32
Module not found: Error: Can't resolve 'react-leaflet' in '/home/kavia/workspace/code-generation/travelgenie-ai-23-6236611e/travelgenie_ai/src/pages'

WARNING in ./src/pages/MapPage.js 61:4-39
Module not found: Error: Can't resolve 'leaflet/dist/leaflet.css' in '/home/kavia/workspace/code-generation/travelgenie-ai-23-6236611e/travelgenie_ai/src/pages'

WARNING in [eslint] 
src/pages/MapPage.js
  Line 1:17:  'useRef' is defined but never used  no-unused-vars

ERROR in ./src/App.js 7:0-74
Module not found: Error: Can't resolve 'react-router-dom' in '/home/kavia/workspace/code-generation/travelgenie-ai-23-6236611e/travelgenie_ai/src'

ERROR in ./src/pages/HomePage.js 5:0-40
Module not found: Error: Can't resolve 'react-router-dom' in '/home/kavia/workspace/code-generation/travelgenie-ai-23-6236611e/travelgenie_ai/src/pages'

webpack compiled with 2 errors and 3 warnings
Compiling...
Failed to compile.

Module not found: Error: Can't resolve 'react-router-dom' in '/home/kavia/workspace/code-generation/travelgenie-ai-23-6236611e/travelgenie_ai/src'
WARNING in ./src/pages/MapPage.js 60:8-32
Module not found: Error: Can't resolve 'react-leaflet' in '/home/kavia/workspace/code-generation/travelgenie-ai-23-6236611e/travelgenie_ai/src/pages'

WARNING in ./src/pages/MapPage.js 61:4-39
Module not found: Error: Can't resolve 'leaflet/dist/leaflet.css' in '/home/kavia/workspace/code-generation/travelgenie-ai-23-6236611e/travelgenie_ai/src/pages'

WARNING in [eslint] 
src/pages/MapPage.js
  Line 1:17:  'useRef' is defined but never used  no-unused-vars

ERROR in ./src/App.js 7:0-74
Module not found: Error: Can't resolve 'react-router-dom' in '/home/kavia/workspace/code-generation/travelgenie-ai-23-6236611e/travelgenie_ai/src'

ERROR in ./src/pages/HomePage.js 5:0-40
Module not found: Error: Can't resolve 'react-router-dom' in '/home/kavia/workspace/code-generation/travelgenie-ai-23-6236611e/travelgenie_ai/src/pages'

webpack compiled with 2 errors and 3 warnings
Compiling...
Failed to compile.

Module not found: Error: Can't resolve 'react-router-dom' in '/home/kavia/workspace/code-generation/travelgenie-ai-23-6236611e/travelgenie_ai/src'
LOG from webpack.FileSystemInfo
<w> Managed item /home/kavia/workspace/code-generation/travelgenie-ai-23-6236611e/travelgenie_ai/node_modules/react-router-dom isn't a directory or doesn't contain a package.json (see snapshot.managedPaths option)
+ 13 hidden lines

WARNING in ./src/pages/MapPage.js 60:8-32
Module not found: Error: Can't resolve 'react-leaflet' in '/home/kavia/workspace/code-generation/travelgenie-ai-23-6236611e/travelgenie_ai/src/pages'

WARNING in ./src/pages/MapPage.js 61:4-39
Module not found: Error: Can't resolve 'leaflet/dist/leaflet.css' in '/home/kavia/workspace/code-generation/travelgenie-ai-23-6236611e/travelgenie_ai/src/pages'

WARNING in [eslint] 
src/pages/MapPage.js
  Line 1:17:  'useRef' is defined but never used  no-unused-vars

ERROR in ./src/App.js 7:0-74
Module not found: Error: Can't resolve 'react-router-dom' in '/home/kavia/workspace/code-generation/travelgenie-ai-23-6236611e/travelgenie_ai/src'

ERROR in ./src/pages/HomePage.js 5:0-40
Module not found: Error: Can't resolve 'react-router-dom' in '/home/kavia/workspace/code-generation/travelgenie-ai-23-6236611e/travelgenie_ai/src/pages'

webpack compiled with 2 errors and 3 warnings
Compiling...
Failed to compile.

Attempted import error: 'BrowserRouter' is not exported from 'react-router-dom' (imported as 'Router').
WARNING in ./src/pages/MapPage.js 60:8-32
Module not found: Error: Can't resolve 'react-leaflet' in '/home/kavia/workspace/code-generation/travelgenie-ai-23-6236611e/travelgenie_ai/src/pages'

WARNING in ./src/pages/MapPage.js 61:4-39
Module not found: Error: Can't resolve 'leaflet/dist/leaflet.css' in '/home/kavia/workspace/code-generation/travelgenie-ai-23-6236611e/travelgenie_ai/src/pages'

WARNING in [eslint] 
src/pages/MapPage.js
  Line 1:17:  'useRef' is defined but never used  no-unused-vars

ERROR in ./src/App.js 16:30-36
export 'BrowserRouter' (imported as 'Router') was not found in 'react-router-dom' (module has no exports)

ERROR in ./src/App.js 69:41-47
export 'Routes' (imported as 'Routes') was not found in 'react-router-dom' (module has no exports)

ERROR in ./src/App.js 70:44-49
export 'Route' (imported as 'Route') was not found in 'react-router-dom' (module has no exports)

ERROR in ./src/App.js 81:43-48
export 'Route' (imported as 'Route') was not found in 'react-router-dom' (module has no exports)

ERROR in ./src/App.js 92:43-48
export 'Route' (imported as 'Route') was not found in 'react-router-dom' (module has no exports)

ERROR in ./src/App.js 103:43-48
export 'Route' (imported as 'Route') was not found in 'react-router-dom' (module has no exports)

ERROR in ./src/App.js 114:43-48
export 'Route' (imported as 'Route') was not found in 'react-router-dom' (module has no exports)

ERROR in ./src/pages/HomePage.js 45:38-42
export 'Link' (imported as 'Link') was not found in 'react-router-dom' (module has no exports)

ERROR in ./src/pages/HomePage.js 53:37-41
export 'Link' (imported as 'Link') was not found in 'react-router-dom' (module has no exports)

ERROR in ./src/pages/HomePage.js 61:37-41
export 'Link' (imported as 'Link') was not found in 'react-router-dom' (module has no exports)

ERROR in ./src/pages/HomePage.js 69:37-41
export 'Link' (imported as 'Link') was not found in 'react-router-dom' (module has no exports)

ERROR in ./node_modules/react-router-dom/dist/index.mjs 13:0-66
Module not found: Error: Can't resolve 'react-router/dom' in '/home/kavia/workspace/code-generation/travelgenie-ai-23-6236611e/travelgenie_ai/node_modules/react-router-dom/dist'

ERROR in ./node_modules/react-router-dom/dist/index.mjs 14:0-29
Module not found: Error: Can't resolve 'react-router' in '/home/kavia/workspace/code-generation/travelgenie-ai-23-6236611e/travelgenie_ai/node_modules/react-router-dom/dist'

webpack compiled with 13 errors and 3 warnings
Compiling...
Failed to compile.

Attempted import error: 'BrowserRouter' is not exported from 'react-router-dom' (imported as 'Router').
WARNING in ./src/pages/MapPage.js 60:8-32
Module not found: Error: Can't resolve 'react-leaflet' in '/home/kavia/workspace/code-generation/travelgenie-ai-23-6236611e/travelgenie_ai/src/pages'

WARNING in ./src/pages/MapPage.js 61:4-39
Module not found: Error: Can't resolve 'leaflet/dist/leaflet.css' in '/home/kavia/workspace/code-generation/travelgenie-ai-23-6236611e/travelgenie_ai/src/pages'

WARNING in [eslint] 
src/pages/MapPage.js
  Line 1:17:  'useRef' is defined but never used  no-unused-vars

ERROR in ./src/App.js 16:30-36
export 'BrowserRouter' (imported as 'Router') was not found in 'react-router-dom' (module has no exports)

ERROR in ./src/App.js 69:41-47
export 'Routes' (imported as 'Routes') was not found in 'react-router-dom' (module has no exports)

ERROR in ./src/App.js 70:44-49
export 'Route' (imported as 'Route') was not found in 'react-router-dom' (module has no exports)

ERROR in ./src/App.js 81:43-48
export 'Route' (imported as 'Route') was not found in 'react-router-dom' (module has no exports)

ERROR in ./src/App.js 92:43-48
export 'Route' (imported as 'Route') was not found in 'react-router-dom' (module has no exports)

ERROR in ./src/App.js 103:43-48
export 'Route' (imported as 'Route') was not found in 'react-router-dom' (module has no exports)

ERROR in ./src/App.js 114:43-48
export 'Route' (imported as 'Route') was not found in 'react-router-dom' (module has no exports)

ERROR in ./src/pages/HomePage.js 45:38-42
export 'Link' (imported as 'Link') was not found in 'react-router-dom' (module has no exports)

ERROR in ./src/pages/HomePage.js 53:37-41
export 'Link' (imported as 'Link') was not found in 'react-router-dom' (module has no exports)

ERROR in ./src/pages/HomePage.js 61:37-41
export 'Link' (imported as 'Link') was not found in 'react-router-dom' (module has no exports)

ERROR in ./src/pages/HomePage.js 69:37-41
export 'Link' (imported as 'Link') was not found in 'react-router-dom' (module has no exports)

webpack compiled with 11 errors and 3 warnings
Compiling...
Failed to compile.

Attempted import error: 'BrowserRouter' is not exported from 'react-router-dom' (imported as 'Router').
WARNING in ./src/pages/MapPage.js 60:8-32
Module not found: Error: Can't resolve 'react-leaflet' in '/home/kavia/workspace/code-generation/travelgenie-ai-23-6236611e/travelgenie_ai/src/pages'

WARNING in ./src/pages/MapPage.js 61:4-39
Module not found: Error: Can't resolve 'leaflet/dist/leaflet.css' in '/home/kavia/workspace/code-generation/travelgenie-ai-23-6236611e/travelgenie_ai/src/pages'

WARNING in [eslint] 
src/pages/MapPage.js
  Line 1:17:  'useRef' is defined but never used  no-unused-vars

ERROR in ./src/App.js 16:30-36
export 'BrowserRouter' (imported as 'Router') was not found in 'react-router-dom' (module has no exports)

ERROR in ./src/App.js 69:41-47
export 'Routes' (imported as 'Routes') was not found in 'react-router-dom' (module has no exports)

ERROR in ./src/App.js 70:44-49
export 'Route' (imported as 'Route') was not found in 'react-router-dom' (module has no exports)

ERROR in ./src/App.js 81:43-48
export 'Route' (imported as 'Route') was not found in 'react-router-dom' (module has no exports)

ERROR in ./src/App.js 92:43-48
export 'Route' (imported as 'Route') was not found in 'react-router-dom' (module has no exports)

ERROR in ./src/App.js 103:43-48
export 'Route' (imported as 'Route') was not found in 'react-router-dom' (module has no exports)

ERROR in ./src/App.js 114:43-48
export 'Route' (imported as 'Route') was not found in 'react-router-dom' (module has no exports)

ERROR in ./src/pages/HomePage.js 45:38-42
export 'Link' (imported as 'Link') was not found in 'react-router-dom' (module has no exports)

ERROR in ./src/pages/HomePage.js 53:37-41
export 'Link' (imported as 'Link') was not found in 'react-router-dom' (module has no exports)

ERROR in ./src/pages/HomePage.js 61:37-41
export 'Link' (imported as 'Link') was not found in 'react-router-dom' (module has no exports)

ERROR in ./src/pages/HomePage.js 69:37-41
export 'Link' (imported as 'Link') was not found in 'react-router-dom' (module has no exports)

webpack compiled with 11 errors and 3 warnings
